// Jest Snapshot v1, https://goo.gl/fbAQLP

exports[`index exports all symbols 1`] = `
Object {
  "asArray": [Function],
  "asFunction": [Function],
  "asObject": [Function],
  "camelize": [Function],
  "capitalize": [Function],
  "clone": [Function],
  "decamelize": [Function],
  "deepMerge": [Function],
  "defaultDateFormat": Object {
    "day": "numeric",
    "month": "long",
    "year": "numeric",
  },
  "defaultTimeFormat": Object {
    "hour": "2-digit",
    "minute": "2-digit",
    "second": "2-digit",
  },
  "deindent": [Function],
  "equals": [Function],
  "escapeHtml": [Function],
  "flatten": [Function],
  "formatDate": [Function],
  "getDataPath": [Function],
  "groupBy": [Function],
  "hyphenate": [Function],
  "is": [Function],
  "isAbsoluteUrl": [Function],
  "isArray": [Function],
  "isAsync": [Function],
  "isBoolean": [Function],
  "isDate": [Function],
  "isFunction": [Function],
  "isHostname": [Function],
  "isNumber": [Function],
  "isObject": [Function],
  "isPlainObject": [Function],
  "isPromise": [Function],
  "isRegExp": [Function],
  "isString": [Function],
  "labelize": [Function],
  "mapKeys": [Function],
  "mapValues": [Function],
  "merge": [Function],
  "normalizeDataPath": [Function],
  "parseDataPath": [Function],
  "pick": [Function],
  "pickBy": [Function],
  "setDataPath": [Function],
  "shuffle": [Function],
  "stripTags": [Function],
  "toAsync": [Function],
  "toCallback": [Function],
  "toPromiseCallback": [Function],
  "underscore": [Function],
}
`;
